Archive member included to satisfy reference by file (symbol)

c:/program files (x86)/atmel/studio/7.0/toolchain/avr8/avr8-gnu-toolchain/bin/../lib/gcc/avr/5.4.0/avrxmega2\libgcc.a(_exit.o)
                              C:/Program Files (x86)/Atmel/Studio/7.0/Packs/Atmel/AVR-Dx_DFP/2.0.141/gcc/dev/avr64db48/avrxmega2/crtavr64db48.o (exit)
c:/program files (x86)/atmel/studio/7.0/toolchain/avr8/avr8-gnu-toolchain/bin/../lib/gcc/avr/5.4.0/avrxmega2\libgcc.a(_copy_data.o)
                              main.o (__do_copy_data)
c:/program files (x86)/atmel/studio/7.0/toolchain/avr8/avr8-gnu-toolchain/bin/../lib/gcc/avr/5.4.0/avrxmega2\libgcc.a(_clear_bss.o)
                              AVRFunctions.o (__do_clear_bss)

Allocating common symbols
Common symbol       size              file

GPIO14              0x3               AVRFunctions.o
GPIO4               0x3               AVRFunctions.o
GPIOs               0x30              AVRFunctions.o
GPIO12              0x3               AVRFunctions.o
GPIO1               0x3               AVRFunctions.o
LED6                0x3               AVRFunctions.o
DIO0                0x3               AVRFunctions.o
DIO5                0x3               AVRFunctions.o
GPIO3               0x3               AVRFunctions.o
LED1                0x3               AVRFunctions.o
LEDs                0x18              AVRFunctions.o
DIOs                0x12              AVRFunctions.o
LED3                0x3               AVRFunctions.o
GPIO11              0x3               AVRFunctions.o
GPIO0               0x3               AVRFunctions.o
DIO1                0x3               AVRFunctions.o
DIO2                0x3               AVRFunctions.o
LED7                0x3               AVRFunctions.o
GPIO6               0x3               AVRFunctions.o
GPIO13              0x3               AVRFunctions.o
LED2                0x3               AVRFunctions.o
GPIO9               0x3               AVRFunctions.o
RFM_SS              0x3               AVRFunctions.o
GPIO15              0x3               AVRFunctions.o
GPIO10              0x3               AVRFunctions.o
LED5                0x3               AVRFunctions.o
DIO4                0x3               AVRFunctions.o
GPIO2               0x3               AVRFunctions.o
GPIO7               0x3               AVRFunctions.o
LED4                0x3               AVRFunctions.o
GPIO8               0x3               AVRFunctions.o
LED0                0x3               AVRFunctions.o
GPIO5               0x3               AVRFunctions.o
hdrBuf              0x8               LoRaFunctions.o
DIO3                0x3               AVRFunctions.o

Discarded input sections

 .data          0x00000000        0x0 C:/Program Files (x86)/Atmel/Studio/7.0/Packs/Atmel/AVR-Dx_DFP/2.0.141/gcc/dev/avr64db48/avrxmega2/crtavr64db48.o
 .bss           0x00000000        0x0 C:/Program Files (x86)/Atmel/Studio/7.0/Packs/Atmel/AVR-Dx_DFP/2.0.141/gcc/dev/avr64db48/avrxmega2/crtavr64db48.o
 .text          0x00000000        0x0 AVRFunctions.o
 .data          0x00000000        0x0 AVRFunctions.o
 .bss           0x00000000        0x0 AVRFunctions.o
 .text          0x00000000        0x0 GPIOFunctions.o
 .data          0x00000000        0x0 GPIOFunctions.o
 .bss           0x00000000        0x0 GPIOFunctions.o
 .text          0x00000000        0x0 LoRaFunctions.o
 .data          0x00000000        0x0 LoRaFunctions.o
 .bss           0x00000000        0x0 LoRaFunctions.o
 COMMON         0x00000000        0x8 LoRaFunctions.o
 .text          0x00000000        0x0 main.o
 .data          0x00000000        0x0 main.o
 .bss           0x00000000        0x0 main.o
 .text          0x00000000        0x0 RFM95W.o
 .data          0x00000000        0x0 RFM95W.o
 .bss           0x00000000        0x0 RFM95W.o
 .text.setFSTXMode
                0x00000000       0x16 RFM95W.o
 .text.setFSRXMode
                0x00000000       0x16 RFM95W.o
 .text.setRXMode
                0x00000000       0x16 RFM95W.o
 .text.setCADMode
                0x00000000       0x16 RFM95W.o
 .text          0x00000000        0x0 SPIFunctions.o
 .data          0x00000000        0x0 SPIFunctions.o
 .bss           0x00000000        0x0 SPIFunctions.o
 .text.spiRecv  0x00000000       0x1e SPIFunctions.o
 .text          0x00000000        0x0 c:/program files (x86)/atmel/studio/7.0/toolchain/avr8/avr8-gnu-toolchain/bin/../lib/gcc/avr/5.4.0/avrxmega2\libgcc.a(_exit.o)
 .data          0x00000000        0x0 c:/program files (x86)/atmel/studio/7.0/toolchain/avr8/avr8-gnu-toolchain/bin/../lib/gcc/avr/5.4.0/avrxmega2\libgcc.a(_exit.o)
 .bss           0x00000000        0x0 c:/program files (x86)/atmel/studio/7.0/toolchain/avr8/avr8-gnu-toolchain/bin/../lib/gcc/avr/5.4.0/avrxmega2\libgcc.a(_exit.o)
 .text.libgcc.mul
                0x00000000        0x0 c:/program files (x86)/atmel/studio/7.0/toolchain/avr8/avr8-gnu-toolchain/bin/../lib/gcc/avr/5.4.0/avrxmega2\libgcc.a(_exit.o)
 .text.libgcc.div
                0x00000000        0x0 c:/program files (x86)/atmel/studio/7.0/toolchain/avr8/avr8-gnu-toolchain/bin/../lib/gcc/avr/5.4.0/avrxmega2\libgcc.a(_exit.o)
 .text.libgcc   0x00000000        0x0 c:/program files (x86)/atmel/studio/7.0/toolchain/avr8/avr8-gnu-toolchain/bin/../lib/gcc/avr/5.4.0/avrxmega2\libgcc.a(_exit.o)
 .text.libgcc.prologue
                0x00000000        0x0 c:/program files (x86)/atmel/studio/7.0/toolchain/avr8/avr8-gnu-toolchain/bin/../lib/gcc/avr/5.4.0/avrxmega2\libgcc.a(_exit.o)
 .text.libgcc.builtins
                0x00000000        0x0 c:/program files (x86)/atmel/studio/7.0/toolchain/avr8/avr8-gnu-toolchain/bin/../lib/gcc/avr/5.4.0/avrxmega2\libgcc.a(_exit.o)
 .text.libgcc.fmul
                0x00000000        0x0 c:/program files (x86)/atmel/studio/7.0/toolchain/avr8/avr8-gnu-toolchain/bin/../lib/gcc/avr/5.4.0/avrxmega2\libgcc.a(_exit.o)
 .text.libgcc.fixed
                0x00000000        0x0 c:/program files (x86)/atmel/studio/7.0/toolchain/avr8/avr8-gnu-toolchain/bin/../lib/gcc/avr/5.4.0/avrxmega2\libgcc.a(_exit.o)
 .text          0x00000000        0x0 c:/program files (x86)/atmel/studio/7.0/toolchain/avr8/avr8-gnu-toolchain/bin/../lib/gcc/avr/5.4.0/avrxmega2\libgcc.a(_copy_data.o)
 .data          0x00000000        0x0 c:/program files (x86)/atmel/studio/7.0/toolchain/avr8/avr8-gnu-toolchain/bin/../lib/gcc/avr/5.4.0/avrxmega2\libgcc.a(_copy_data.o)
 .bss           0x00000000        0x0 c:/program files (x86)/atmel/studio/7.0/toolchain/avr8/avr8-gnu-toolchain/bin/../lib/gcc/avr/5.4.0/avrxmega2\libgcc.a(_copy_data.o)
 .text.libgcc.mul
                0x00000000        0x0 c:/program files (x86)/atmel/studio/7.0/toolchain/avr8/avr8-gnu-toolchain/bin/../lib/gcc/avr/5.4.0/avrxmega2\libgcc.a(_copy_data.o)
 .text.libgcc.div
                0x00000000        0x0 c:/program files (x86)/atmel/studio/7.0/toolchain/avr8/avr8-gnu-toolchain/bin/../lib/gcc/avr/5.4.0/avrxmega2\libgcc.a(_copy_data.o)
 .text.libgcc   0x00000000        0x0 c:/program files (x86)/atmel/studio/7.0/toolchain/avr8/avr8-gnu-toolchain/bin/../lib/gcc/avr/5.4.0/avrxmega2\libgcc.a(_copy_data.o)
 .text.libgcc.prologue
                0x00000000        0x0 c:/program files (x86)/atmel/studio/7.0/toolchain/avr8/avr8-gnu-toolchain/bin/../lib/gcc/avr/5.4.0/avrxmega2\libgcc.a(_copy_data.o)
 .text.libgcc.builtins
                0x00000000        0x0 c:/program files (x86)/atmel/studio/7.0/toolchain/avr8/avr8-gnu-toolchain/bin/../lib/gcc/avr/5.4.0/avrxmega2\libgcc.a(_copy_data.o)
 .text.libgcc.fmul
                0x00000000        0x0 c:/program files (x86)/atmel/studio/7.0/toolchain/avr8/avr8-gnu-toolchain/bin/../lib/gcc/avr/5.4.0/avrxmega2\libgcc.a(_copy_data.o)
 .text.libgcc.fixed
                0x00000000        0x0 c:/program files (x86)/atmel/studio/7.0/toolchain/avr8/avr8-gnu-toolchain/bin/../lib/gcc/avr/5.4.0/avrxmega2\libgcc.a(_copy_data.o)
 .text          0x00000000        0x0 c:/program files (x86)/atmel/studio/7.0/toolchain/avr8/avr8-gnu-toolchain/bin/../lib/gcc/avr/5.4.0/avrxmega2\libgcc.a(_clear_bss.o)
 .data          0x00000000        0x0 c:/program files (x86)/atmel/studio/7.0/toolchain/avr8/avr8-gnu-toolchain/bin/../lib/gcc/avr/5.4.0/avrxmega2\libgcc.a(_clear_bss.o)
 .bss           0x00000000        0x0 c:/program files (x86)/atmel/studio/7.0/toolchain/avr8/avr8-gnu-toolchain/bin/../lib/gcc/avr/5.4.0/avrxmega2\libgcc.a(_clear_bss.o)
 .text.libgcc.mul
                0x00000000        0x0 c:/program files (x86)/atmel/studio/7.0/toolchain/avr8/avr8-gnu-toolchain/bin/../lib/gcc/avr/5.4.0/avrxmega2\libgcc.a(_clear_bss.o)
 .text.libgcc.div
                0x00000000        0x0 c:/program files (x86)/atmel/studio/7.0/toolchain/avr8/avr8-gnu-toolchain/bin/../lib/gcc/avr/5.4.0/avrxmega2\libgcc.a(_clear_bss.o)
 .text.libgcc   0x00000000        0x0 c:/program files (x86)/atmel/studio/7.0/toolchain/avr8/avr8-gnu-toolchain/bin/../lib/gcc/avr/5.4.0/avrxmega2\libgcc.a(_clear_bss.o)
 .text.libgcc.prologue
                0x00000000        0x0 c:/program files (x86)/atmel/studio/7.0/toolchain/avr8/avr8-gnu-toolchain/bin/../lib/gcc/avr/5.4.0/avrxmega2\libgcc.a(_clear_bss.o)
 .text.libgcc.builtins
                0x00000000        0x0 c:/program files (x86)/atmel/studio/7.0/toolchain/avr8/avr8-gnu-toolchain/bin/../lib/gcc/avr/5.4.0/avrxmega2\libgcc.a(_clear_bss.o)
 .text.libgcc.fmul
                0x00000000        0x0 c:/program files (x86)/atmel/studio/7.0/toolchain/avr8/avr8-gnu-toolchain/bin/../lib/gcc/avr/5.4.0/avrxmega2\libgcc.a(_clear_bss.o)
 .text.libgcc.fixed
                0x00000000        0x0 c:/program files (x86)/atmel/studio/7.0/toolchain/avr8/avr8-gnu-toolchain/bin/../lib/gcc/avr/5.4.0/avrxmega2\libgcc.a(_clear_bss.o)

Memory Configuration

Name             Origin             Length             Attributes
text             0x00000000         0x00010000         xr
data             0x00806000         0x00002000         rw !x
eeprom           0x00810000         0x00000200         rw !x
fuse             0x00820000         0x00000010         rw !x
lock             0x00830000         0x00000400         rw !x
signature        0x00840000         0x00000400         rw !x
user_signatures  0x00850000         0x00000400         rw !x
*default*        0x00000000         0xffffffff

Linker script and memory map

Address of section .data set to 0x806000
                0x00008000                __RODATA_PM_OFFSET__ = 0x8000
LOAD C:/Program Files (x86)/Atmel/Studio/7.0/Packs/Atmel/AVR-Dx_DFP/2.0.141/gcc/dev/avr64db48/avrxmega2/crtavr64db48.o
LOAD AVRFunctions.o
LOAD GPIOFunctions.o
LOAD LoRaFunctions.o
LOAD main.o
LOAD RFM95W.o
LOAD SPIFunctions.o
START GROUP
LOAD c:/program files (x86)/atmel/studio/7.0/toolchain/avr8/avr8-gnu-toolchain/bin/../lib/gcc/avr/5.4.0/../../../../avr/lib/avrxmega2\libm.a
END GROUP
START GROUP
LOAD c:/program files (x86)/atmel/studio/7.0/toolchain/avr8/avr8-gnu-toolchain/bin/../lib/gcc/avr/5.4.0/avrxmega2\libgcc.a
LOAD c:/program files (x86)/atmel/studio/7.0/toolchain/avr8/avr8-gnu-toolchain/bin/../lib/gcc/avr/5.4.0/../../../../avr/lib/avrxmega2\libm.a
LOAD c:/program files (x86)/atmel/studio/7.0/toolchain/avr8/avr8-gnu-toolchain/bin/../lib/gcc/avr/5.4.0/../../../../avr/lib/avrxmega2\libc.a
LOAD C:/Program Files (x86)/Atmel/Studio/7.0/Packs/Atmel/AVR-Dx_DFP/2.0.141/gcc/dev/avr64db48/avrxmega2\libavr64db48.a
END GROUP
                [0x00000000]                __TEXT_REGION_ORIGIN__ = DEFINED (__TEXT_REGION_ORIGIN__)?__TEXT_REGION_ORIGIN__:0x0
                [0x00806000]                __DATA_REGION_ORIGIN__ = DEFINED (__DATA_REGION_ORIGIN__)?__DATA_REGION_ORIGIN__:0x802000
                [0x00010000]                __TEXT_REGION_LENGTH__ = DEFINED (__TEXT_REGION_LENGTH__)?__TEXT_REGION_LENGTH__:0x100000
                [0x00002000]                __DATA_REGION_LENGTH__ = DEFINED (__DATA_REGION_LENGTH__)?__DATA_REGION_LENGTH__:0xffa0
                [0x00000200]                __EEPROM_REGION_LENGTH__ = DEFINED (__EEPROM_REGION_LENGTH__)?__EEPROM_REGION_LENGTH__:0x10000
                [0x00000010]                __FUSE_REGION_LENGTH__ = DEFINED (__FUSE_REGION_LENGTH__)?__FUSE_REGION_LENGTH__:0x400
                0x00000400                __LOCK_REGION_LENGTH__ = DEFINED (__LOCK_REGION_LENGTH__)?__LOCK_REGION_LENGTH__:0x400
                0x00000400                __SIGNATURE_REGION_LENGTH__ = DEFINED (__SIGNATURE_REGION_LENGTH__)?__SIGNATURE_REGION_LENGTH__:0x400
                0x00000400                __USER_SIGNATURE_REGION_LENGTH__ = DEFINED (__USER_SIGNATURE_REGION_LENGTH__)?__USER_SIGNATURE_REGION_LENGTH__:0x400

.hash
 *(.hash)

.dynsym
 *(.dynsym)

.dynstr
 *(.dynstr)

.gnu.version
 *(.gnu.version)

.gnu.version_d
 *(.gnu.version_d)

.gnu.version_r
 *(.gnu.version_r)

.rel.init
 *(.rel.init)

.rela.init
 *(.rela.init)

.rel.text
 *(.rel.text)
 *(.rel.text.*)
 *(.rel.gnu.linkonce.t*)

.rela.text
 *(.rela.text)
 *(.rela.text.*)
 *(.rela.gnu.linkonce.t*)

.rel.fini
 *(.rel.fini)

.rela.fini
 *(.rela.fini)

.rel.rodata
 *(.rel.rodata)
 *(.rel.rodata.*)
 *(.rel.gnu.linkonce.r*)

.rela.rodata
 *(.rela.rodata)
 *(.rela.rodata.*)
 *(.rela.gnu.linkonce.r*)

.rel.data
 *(.rel.data)
 *(.rel.data.*)
 *(.rel.gnu.linkonce.d*)

.rela.data
 *(.rela.data)
 *(.rela.data.*)
 *(.rela.gnu.linkonce.d*)

.rel.ctors
 *(.rel.ctors)

.rela.ctors
 *(.rela.ctors)

.rel.dtors
 *(.rel.dtors)

.rela.dtors
 *(.rela.dtors)

.rel.got
 *(.rel.got)

.rela.got
 *(.rela.got)

.rel.bss
 *(.rel.bss)

.rela.bss
 *(.rela.bss)

.rel.plt
 *(.rel.plt)

.rela.plt
 *(.rela.plt)

.text           0x00000000      0x83a
 *(.vectors)
 .vectors       0x00000000       0xf4 C:/Program Files (x86)/Atmel/Studio/7.0/Packs/Atmel/AVR-Dx_DFP/2.0.141/gcc/dev/avr64db48/avrxmega2/crtavr64db48.o
                0x00000000                __vector_default
                0x00000000                __vectors
 *(.vectors)
 *(.progmem.gcc*)
                0x000000f4                . = ALIGN (0x2)
                0x000000f4                __trampolines_start = .
 *(.trampolines)
 .trampolines   0x000000f4        0x0 linker stubs
 *(.trampolines*)
                0x000000f4                __trampolines_end = .
 *libprintf_flt.a:*(.progmem.data)
 *libc.a:*(.progmem.data)
 *(.progmem*)
                0x000000f4                . = ALIGN (0x2)
 *(.jumptables)
 *(.jumptables*)
 *(.lowtext)
 *(.lowtext*)
                0x000000f4                __ctors_start = .
 *(.ctors)
                0x000000f4                __ctors_end = .
                0x000000f4                __dtors_start = .
 *(.dtors)
                0x000000f4                __dtors_end = .
 SORT(*)(.ctors)
 SORT(*)(.dtors)
 *(.init0)
 .init0         0x000000f4        0x0 C:/Program Files (x86)/Atmel/Studio/7.0/Packs/Atmel/AVR-Dx_DFP/2.0.141/gcc/dev/avr64db48/avrxmega2/crtavr64db48.o
                0x000000f4                __init
 *(.init0)
 *(.init1)
 *(.init1)
 *(.init2)
 .init2         0x000000f4        0xc C:/Program Files (x86)/Atmel/Studio/7.0/Packs/Atmel/AVR-Dx_DFP/2.0.141/gcc/dev/avr64db48/avrxmega2/crtavr64db48.o
 *(.init2)
 *(.init3)
 *(.init3)
 *(.init4)
 .init4         0x00000100       0x16 c:/program files (x86)/atmel/studio/7.0/toolchain/avr8/avr8-gnu-toolchain/bin/../lib/gcc/avr/5.4.0/avrxmega2\libgcc.a(_copy_data.o)
                0x00000100                __do_copy_data
 .init4         0x00000116       0x10 c:/program files (x86)/atmel/studio/7.0/toolchain/avr8/avr8-gnu-toolchain/bin/../lib/gcc/avr/5.4.0/avrxmega2\libgcc.a(_clear_bss.o)
                0x00000116                __do_clear_bss
 *(.init4)
 *(.init5)
 *(.init5)
 *(.init6)
 *(.init6)
 *(.init7)
 *(.init7)
 *(.init8)
 *(.init8)
 *(.init9)
 .init9         0x00000126        0x8 C:/Program Files (x86)/Atmel/Studio/7.0/Packs/Atmel/AVR-Dx_DFP/2.0.141/gcc/dev/avr64db48/avrxmega2/crtavr64db48.o
 *(.init9)
 *(.text)
 .text          0x0000012e        0x4 C:/Program Files (x86)/Atmel/Studio/7.0/Packs/Atmel/AVR-Dx_DFP/2.0.141/gcc/dev/avr64db48/avrxmega2/crtavr64db48.o
                0x0000012e                __vector_38
                0x0000012e                __vector_22
                0x0000012e                __vector_28
                0x0000012e                __vector_1
                0x0000012e                __vector_32
                0x0000012e                __vector_34
                0x0000012e                __vector_24
                0x0000012e                __vector_12
                0x0000012e                __vector_55
                0x0000012e                __vector_46
                0x0000012e                __bad_interrupt
                0x0000012e                __vector_6
                0x0000012e                __vector_31
                0x0000012e                __vector_35
                0x0000012e                __vector_39
                0x0000012e                __vector_3
                0x0000012e                __vector_23
                0x0000012e                __vector_30
                0x0000012e                __vector_45
                0x0000012e                __vector_25
                0x0000012e                __vector_11
                0x0000012e                __vector_54
                0x0000012e                __vector_13
                0x0000012e                __vector_17
                0x0000012e                __vector_19
                0x0000012e                __vector_56
                0x0000012e                __vector_7
                0x0000012e                __vector_49
                0x0000012e                __vector_41
                0x0000012e                __vector_43
                0x0000012e                __vector_27
                0x0000012e                __vector_5
                0x0000012e                __vector_33
                0x0000012e                __vector_47
                0x0000012e                __vector_52
                0x0000012e                __vector_37
                0x0000012e                __vector_4
                0x0000012e                __vector_44
                0x0000012e                __vector_51
                0x0000012e                __vector_9
                0x0000012e                __vector_2
                0x0000012e                __vector_21
                0x0000012e                __vector_15
                0x0000012e                __vector_36
                0x0000012e                __vector_58
                0x0000012e                __vector_29
                0x0000012e                __vector_60
                0x0000012e                __vector_40
                0x0000012e                __vector_8
                0x0000012e                __vector_26
                0x0000012e                __vector_48
                0x0000012e                __vector_14
                0x0000012e                __vector_57
                0x0000012e                __vector_53
                0x0000012e                __vector_10
                0x0000012e                __vector_50
                0x0000012e                __vector_16
                0x0000012e                __vector_59
                0x0000012e                __vector_18
                0x0000012e                __vector_20
                0x0000012e                __vector_42
                0x00000132                . = ALIGN (0x2)
 *(.text.*)
 .text.initializeAVR
                0x00000132      0x3cc AVRFunctions.o
                0x00000132                initializeAVR
 .text.initializeGPIO
                0x000004fe       0x14 GPIOFunctions.o
                0x000004fe                initializeGPIO
 .text.digitalWrite
                0x00000512       0x14 GPIOFunctions.o
                0x00000512                digitalWrite
 .text.digitalRead
                0x00000526        0x8 GPIOFunctions.o
                0x00000526                digitalRead
 .text.createHeader
                0x0000052e       0x10 LoRaFunctions.o
                0x0000052e                createHeader
 .text.main     0x0000053e       0x84 main.o
                0x0000053e                main
 .text.setPreambleLength
                0x000005c2       0x18 RFM95W.o
                0x000005c2                setPreambleLength
 .text.setSleepMode
                0x000005da       0x16 RFM95W.o
                0x000005da                setSleepMode
 .text.setStdbyMode
                0x000005f0       0x16 RFM95W.o
                0x000005f0                setStdbyMode
 .text.initializeLoRa
                0x00000606       0x7e RFM95W.o
                0x00000606                initializeLoRa
 .text.setTXMode
                0x00000684       0x16 RFM95W.o
                0x00000684                setTXMode
 .text.transmit
                0x0000069a       0xd8 RFM95W.o
                0x0000069a                transmit
 .text.initializeSPI
                0x00000772       0x30 SPIFunctions.o
                0x00000772                initializeSPI
 .text.rfmSpiRecv
                0x000007a2       0x3a SPIFunctions.o
                0x000007a2                rfmSpiRecv
 .text.rfmSpiSend
                0x000007dc       0x3c SPIFunctions.o
                0x000007dc                rfmSpiSend
 .text.spiSend  0x00000818       0x1e SPIFunctions.o
                0x00000818                spiSend
                0x00000836                . = ALIGN (0x2)
 *(.fini9)
 .fini9         0x00000836        0x0 c:/program files (x86)/atmel/studio/7.0/toolchain/avr8/avr8-gnu-toolchain/bin/../lib/gcc/avr/5.4.0/avrxmega2\libgcc.a(_exit.o)
                0x00000836                _exit
                0x00000836                exit
 *(.fini9)
 *(.fini8)
 *(.fini8)
 *(.fini7)
 *(.fini7)
 *(.fini6)
 *(.fini6)
 *(.fini5)
 *(.fini5)
 *(.fini4)
 *(.fini4)
 *(.fini3)
 *(.fini3)
 *(.fini2)
 *(.fini2)
 *(.fini1)
 *(.fini1)
 *(.fini0)
 .fini0         0x00000836        0x4 c:/program files (x86)/atmel/studio/7.0/toolchain/avr8/avr8-gnu-toolchain/bin/../lib/gcc/avr/5.4.0/avrxmega2\libgcc.a(_exit.o)
 *(.fini0)
                0x0000083a                _etext = .

.data           0x00806000        0x8 load address 0x0000083a
                0x00806000                PROVIDE (__data_start, .)
 *(.data)
 *(.data*)
 *(.gnu.linkonce.d*)
 *(.rodata)
 .rodata        0x00806000        0x8 main.o
 *(.rodata*)
 *(.gnu.linkonce.r*)
                0x00806008                . = ALIGN (0x2)
                0x00806008                _edata = .
                0x00806008                PROVIDE (__data_end, .)

.bss            0x00806008       0xb7
                0x00806008                PROVIDE (__bss_start, .)
 *(.bss)
 *(.bss*)
 *(COMMON)
 COMMON         0x00806008       0xb7 AVRFunctions.o
                0x00806008                GPIO14
                0x0080600b                GPIO4
                0x0080600e                GPIOs
                0x0080603e                GPIO12
                0x00806041                GPIO1
                0x00806044                LED6
                0x00806047                DIO0
                0x0080604a                DIO5
                0x0080604d                GPIO3
                0x00806050                LED1
                0x00806053                LEDs
                0x0080606b                DIOs
                0x0080607d                LED3
                0x00806080                GPIO11
                0x00806083                GPIO0
                0x00806086                DIO1
                0x00806089                DIO2
                0x0080608c                LED7
                0x0080608f                GPIO6
                0x00806092                GPIO13
                0x00806095                LED2
                0x00806098                GPIO9
                0x0080609b                RFM_SS
                0x0080609e                GPIO15
                0x008060a1                GPIO10
                0x008060a4                LED5
                0x008060a7                DIO4
                0x008060aa                GPIO2
                0x008060ad                GPIO7
                0x008060b0                LED4
                0x008060b3                GPIO8
                0x008060b6                LED0
                0x008060b9                GPIO5
                0x008060bc                DIO3
                0x008060bf                PROVIDE (__bss_end, .)
                0x0000083a                __data_load_start = LOADADDR (.data)
                0x00000842                __data_load_end = (__data_load_start + SIZEOF (.data))

.noinit         0x008060bf        0x0
                [!provide]                PROVIDE (__noinit_start, .)
 *(.noinit*)
                [!provide]                PROVIDE (__noinit_end, .)
                0x008060bf                _end = .
                [!provide]                PROVIDE (__heap_start, .)

.eeprom         0x00810000        0x0
 *(.eeprom*)
                0x00810000                __eeprom_end = .

.fuse
 *(.fuse)
 *(.lfuse)
 *(.hfuse)
 *(.efuse)

.lock
 *(.lock*)

.signature
 *(.signature*)

.user_signatures
 *(.user_signatures*)

.stab
 *(.stab)

.stabstr
 *(.stabstr)

.stab.excl
 *(.stab.excl)

.stab.exclstr
 *(.stab.exclstr)

.stab.index
 *(.stab.index)

.stab.indexstr
 *(.stab.indexstr)

.comment        0x00000000       0x30
 *(.comment)
 .comment       0x00000000       0x30 AVRFunctions.o
                                 0x31 (size before relaxing)
 .comment       0x00000030       0x31 GPIOFunctions.o
 .comment       0x00000030       0x31 LoRaFunctions.o
 .comment       0x00000030       0x31 main.o
 .comment       0x00000030       0x31 RFM95W.o
 .comment       0x00000030       0x31 SPIFunctions.o

.note.gnu.avr.deviceinfo
                0x00000000       0x3c
 .note.gnu.avr.deviceinfo
                0x00000000       0x3c C:/Program Files (x86)/Atmel/Studio/7.0/Packs/Atmel/AVR-Dx_DFP/2.0.141/gcc/dev/avr64db48/avrxmega2/crtavr64db48.o

.note.gnu.build-id
 *(.note.gnu.build-id)

.debug
 *(.debug)

.line
 *(.line)

.debug_srcinfo
 *(.debug_srcinfo)

.debug_sfnames
 *(.debug_sfnames)

.debug_aranges  0x00000000      0x138
 *(.debug_aranges)
 .debug_aranges
                0x00000000       0x20 AVRFunctions.o
 .debug_aranges
                0x00000020       0x30 GPIOFunctions.o
 .debug_aranges
                0x00000050       0x20 LoRaFunctions.o
 .debug_aranges
                0x00000070       0x20 main.o
 .debug_aranges
                0x00000090       0x68 RFM95W.o
 .debug_aranges
                0x000000f8       0x40 SPIFunctions.o

.debug_pubnames
 *(.debug_pubnames)

.debug_info     0x00000000     0x42fd
 *(.debug_info .gnu.linkonce.wi.*)
 .debug_info    0x00000000     0x2f42 C:/Program Files (x86)/Atmel/Studio/7.0/Packs/Atmel/AVR-Dx_DFP/2.0.141/gcc/dev/avr64db48/avrxmega2/crtavr64db48.o
 .debug_info    0x00002f42      0x55e AVRFunctions.o
 .debug_info    0x000034a0      0x17e GPIOFunctions.o
 .debug_info    0x0000361e      0x125 LoRaFunctions.o
 .debug_info    0x00003743      0x23c main.o
 .debug_info    0x0000397f      0x687 RFM95W.o
 .debug_info    0x00004006      0x2f7 SPIFunctions.o

.debug_abbrev   0x00000000     0x347d
 *(.debug_abbrev)
 .debug_abbrev  0x00000000     0x2cc2 C:/Program Files (x86)/Atmel/Studio/7.0/Packs/Atmel/AVR-Dx_DFP/2.0.141/gcc/dev/avr64db48/avrxmega2/crtavr64db48.o
 .debug_abbrev  0x00002cc2      0x10c AVRFunctions.o
 .debug_abbrev  0x00002dce      0x112 GPIOFunctions.o
 .debug_abbrev  0x00002ee0       0xc0 LoRaFunctions.o
 .debug_abbrev  0x00002fa0      0x168 main.o
 .debug_abbrev  0x00003108      0x196 RFM95W.o
 .debug_abbrev  0x0000329e      0x1df SPIFunctions.o

.debug_line     0x00000000      0xdc5
 *(.debug_line .debug_line.* .debug_line_end)
 .debug_line    0x00000000      0x205 C:/Program Files (x86)/Atmel/Studio/7.0/Packs/Atmel/AVR-Dx_DFP/2.0.141/gcc/dev/avr64db48/avrxmega2/crtavr64db48.o
 .debug_line    0x00000205      0x2a0 AVRFunctions.o
 .debug_line    0x000004a5      0x125 GPIOFunctions.o
 .debug_line    0x000005ca       0xe2 LoRaFunctions.o
 .debug_line    0x000006ac      0x166 main.o
 .debug_line    0x00000812      0x2fa RFM95W.o
 .debug_line    0x00000b0c      0x2b9 SPIFunctions.o

.debug_frame    0x00000000      0x210
 *(.debug_frame)
 .debug_frame   0x00000000       0x24 AVRFunctions.o
 .debug_frame   0x00000024       0x44 GPIOFunctions.o
 .debug_frame   0x00000068       0x24 LoRaFunctions.o
 .debug_frame   0x0000008c       0x34 main.o
 .debug_frame   0x000000c0       0xec RFM95W.o
 .debug_frame   0x000001ac       0x64 SPIFunctions.o

.debug_str      0x00000000     0x1a11
 *(.debug_str)
 .debug_str     0x00000000     0x14f0 C:/Program Files (x86)/Atmel/Studio/7.0/Packs/Atmel/AVR-Dx_DFP/2.0.141/gcc/dev/avr64db48/avrxmega2/crtavr64db48.o
 .debug_str     0x000014f0      0x318 AVRFunctions.o
                                0x356 (size before relaxing)
 .debug_str     0x00001808       0x4c GPIOFunctions.o
                                0x1d9 (size before relaxing)
 .debug_str     0x00001854       0x3c LoRaFunctions.o
                                0x1bf (size before relaxing)
 .debug_str     0x00001890       0x48 main.o
                                0x20b (size before relaxing)
 .debug_str     0x000018d8       0xa7 RFM95W.o
                                0x297 (size before relaxing)
 .debug_str     0x0000197f       0x92 SPIFunctions.o
                                0x26a (size before relaxing)

.debug_loc      0x00000000      0x304
 *(.debug_loc)
 .debug_loc     0x00000000       0x71 main.o
 .debug_loc     0x00000071      0x1bb RFM95W.o
 .debug_loc     0x0000022c       0xd8 SPIFunctions.o

.debug_macinfo
 *(.debug_macinfo)

.debug_weaknames
 *(.debug_weaknames)

.debug_funcnames
 *(.debug_funcnames)

.debug_typenames
 *(.debug_typenames)

.debug_varnames
 *(.debug_varnames)

.debug_pubtypes
 *(.debug_pubtypes)

.debug_ranges   0x00000000       0xd8
 *(.debug_ranges)
 .debug_ranges  0x00000000       0x10 AVRFunctions.o
 .debug_ranges  0x00000010       0x20 GPIOFunctions.o
 .debug_ranges  0x00000030       0x10 LoRaFunctions.o
 .debug_ranges  0x00000040       0x10 main.o
 .debug_ranges  0x00000050       0x58 RFM95W.o
 .debug_ranges  0x000000a8       0x30 SPIFunctions.o

.debug_macro
 *(.debug_macro)
OUTPUT(AVRLoRaDevBoard.elf elf32-avr)
LOAD linker stubs
