Archive member included to satisfy reference by file (symbol)

c:/program files (x86)/atmel/studio/7.0/toolchain/avr8/avr8-gnu-toolchain/bin/../lib/gcc/avr/5.4.0/avrxmega2\libgcc.a(_exit.o)
                              C:/Program Files (x86)/Atmel/Studio/7.0/Packs/Atmel/AVR-Dx_DFP/2.0.141/gcc/dev/avr64db48/avrxmega2/crtavr64db48.o (exit)
c:/program files (x86)/atmel/studio/7.0/toolchain/avr8/avr8-gnu-toolchain/bin/../lib/gcc/avr/5.4.0/avrxmega2\libgcc.a(_copy_data.o)
                              main.o (__do_copy_data)
c:/program files (x86)/atmel/studio/7.0/toolchain/avr8/avr8-gnu-toolchain/bin/../lib/gcc/avr/5.4.0/avrxmega2\libgcc.a(_clear_bss.o)
                              AVRFunctions.o (__do_clear_bss)

Allocating common symbols
Common symbol       size              file

GPIO14              0x3               AVRFunctions.o
GPIO4               0x3               AVRFunctions.o
RESET               0x3               AVRFunctions.o
GPIOs               0x30              AVRFunctions.o
GPIO12              0x3               AVRFunctions.o
GPIO1               0x3               AVRFunctions.o
LED6                0x3               AVRFunctions.o
DIO0                0x3               AVRFunctions.o
DIO5                0x3               AVRFunctions.o
GPIO3               0x3               AVRFunctions.o
LED1                0x3               AVRFunctions.o
LEDs                0x18              AVRFunctions.o
DIOs                0x12              AVRFunctions.o
LED3                0x3               AVRFunctions.o
GPIO11              0x3               AVRFunctions.o
RFM_RST             0x3               AVRFunctions.o
GPIO0               0x3               AVRFunctions.o
DIO1                0x3               AVRFunctions.o
DIO2                0x3               AVRFunctions.o
LED7                0x3               AVRFunctions.o
GPIO6               0x3               AVRFunctions.o
currentMode         0x1               RFM95W.o
GPIO13              0x3               AVRFunctions.o
LED2                0x3               AVRFunctions.o
GPIO9               0x3               AVRFunctions.o
RFM_SS              0x3               AVRFunctions.o
GPIO15              0x3               AVRFunctions.o
GPIO10              0x3               AVRFunctions.o
LED5                0x3               AVRFunctions.o
DIO4                0x3               AVRFunctions.o
GPIO2               0x3               AVRFunctions.o
GPIO7               0x3               AVRFunctions.o
LED4                0x3               AVRFunctions.o
GPIO8               0x3               AVRFunctions.o
LED0                0x3               AVRFunctions.o
GPIO5               0x3               AVRFunctions.o
hdrBuf              0x8               LoRaFunctions.o
DIO3                0x3               AVRFunctions.o

Discarded input sections

 .data          0x00000000        0x0 C:/Program Files (x86)/Atmel/Studio/7.0/Packs/Atmel/AVR-Dx_DFP/2.0.141/gcc/dev/avr64db48/avrxmega2/crtavr64db48.o
 .bss           0x00000000        0x0 C:/Program Files (x86)/Atmel/Studio/7.0/Packs/Atmel/AVR-Dx_DFP/2.0.141/gcc/dev/avr64db48/avrxmega2/crtavr64db48.o
 .text          0x00000000        0x0 AVRFunctions.o
 .data          0x00000000        0x0 AVRFunctions.o
 .bss           0x00000000        0x0 AVRFunctions.o
 .text          0x00000000        0x0 GPIOFunctions.o
 .data          0x00000000        0x0 GPIOFunctions.o
 .bss           0x00000000        0x0 GPIOFunctions.o
 .text          0x00000000        0x0 LoRaFunctions.o
 .data          0x00000000        0x0 LoRaFunctions.o
 .bss           0x00000000        0x0 LoRaFunctions.o
 COMMON         0x00000000        0x8 LoRaFunctions.o
 .text          0x00000000        0x0 main.o
 .data          0x00000000        0x0 main.o
 .bss           0x00000000        0x0 main.o
 .text          0x00000000        0x0 RFM95W.o
 .data          0x00000000        0x0 RFM95W.o
 .bss           0x00000000        0x0 RFM95W.o
 .text.setFSTXMode
                0x00000000       0x26 RFM95W.o
 .text.setFSRXMode
                0x00000000       0x26 RFM95W.o
 .text.setRXMode
                0x00000000       0x38 RFM95W.o
 .text.setCADMode
                0x00000000       0x26 RFM95W.o
 .text          0x00000000        0x0 SPIFunctions.o
 .data          0x00000000        0x0 SPIFunctions.o
 .bss           0x00000000        0x0 SPIFunctions.o
 .text          0x00000000        0x0 c:/program files (x86)/atmel/studio/7.0/toolchain/avr8/avr8-gnu-toolchain/bin/../lib/gcc/avr/5.4.0/avrxmega2\libgcc.a(_exit.o)
 .data          0x00000000        0x0 c:/program files (x86)/atmel/studio/7.0/toolchain/avr8/avr8-gnu-toolchain/bin/../lib/gcc/avr/5.4.0/avrxmega2\libgcc.a(_exit.o)
 .bss           0x00000000        0x0 c:/program files (x86)/atmel/studio/7.0/toolchain/avr8/avr8-gnu-toolchain/bin/../lib/gcc/avr/5.4.0/avrxmega2\libgcc.a(_exit.o)
 .text.libgcc.mul
                0x00000000        0x0 c:/program files (x86)/atmel/studio/7.0/toolchain/avr8/avr8-gnu-toolchain/bin/../lib/gcc/avr/5.4.0/avrxmega2\libgcc.a(_exit.o)
 .text.libgcc.div
                0x00000000        0x0 c:/program files (x86)/atmel/studio/7.0/toolchain/avr8/avr8-gnu-toolchain/bin/../lib/gcc/avr/5.4.0/avrxmega2\libgcc.a(_exit.o)
 .text.libgcc   0x00000000        0x0 c:/program files (x86)/atmel/studio/7.0/toolchain/avr8/avr8-gnu-toolchain/bin/../lib/gcc/avr/5.4.0/avrxmega2\libgcc.a(_exit.o)
 .text.libgcc.prologue
                0x00000000        0x0 c:/program files (x86)/atmel/studio/7.0/toolchain/avr8/avr8-gnu-toolchain/bin/../lib/gcc/avr/5.4.0/avrxmega2\libgcc.a(_exit.o)
 .text.libgcc.builtins
                0x00000000        0x0 c:/program files (x86)/atmel/studio/7.0/toolchain/avr8/avr8-gnu-toolchain/bin/../lib/gcc/avr/5.4.0/avrxmega2\libgcc.a(_exit.o)
 .text.libgcc.fmul
                0x00000000        0x0 c:/program files (x86)/atmel/studio/7.0/toolchain/avr8/avr8-gnu-toolchain/bin/../lib/gcc/avr/5.4.0/avrxmega2\libgcc.a(_exit.o)
 .text.libgcc.fixed
                0x00000000        0x0 c:/program files (x86)/atmel/studio/7.0/toolchain/avr8/avr8-gnu-toolchain/bin/../lib/gcc/avr/5.4.0/avrxmega2\libgcc.a(_exit.o)
 .text          0x00000000        0x0 c:/program files (x86)/atmel/studio/7.0/toolchain/avr8/avr8-gnu-toolchain/bin/../lib/gcc/avr/5.4.0/avrxmega2\libgcc.a(_copy_data.o)
 .data          0x00000000        0x0 c:/program files (x86)/atmel/studio/7.0/toolchain/avr8/avr8-gnu-toolchain/bin/../lib/gcc/avr/5.4.0/avrxmega2\libgcc.a(_copy_data.o)
 .bss           0x00000000        0x0 c:/program files (x86)/atmel/studio/7.0/toolchain/avr8/avr8-gnu-toolchain/bin/../lib/gcc/avr/5.4.0/avrxmega2\libgcc.a(_copy_data.o)
 .text.libgcc.mul
                0x00000000        0x0 c:/program files (x86)/atmel/studio/7.0/toolchain/avr8/avr8-gnu-toolchain/bin/../lib/gcc/avr/5.4.0/avrxmega2\libgcc.a(_copy_data.o)
 .text.libgcc.div
                0x00000000        0x0 c:/program files (x86)/atmel/studio/7.0/toolchain/avr8/avr8-gnu-toolchain/bin/../lib/gcc/avr/5.4.0/avrxmega2\libgcc.a(_copy_data.o)
 .text.libgcc   0x00000000        0x0 c:/program files (x86)/atmel/studio/7.0/toolchain/avr8/avr8-gnu-toolchain/bin/../lib/gcc/avr/5.4.0/avrxmega2\libgcc.a(_copy_data.o)
 .text.libgcc.prologue
                0x00000000        0x0 c:/program files (x86)/atmel/studio/7.0/toolchain/avr8/avr8-gnu-toolchain/bin/../lib/gcc/avr/5.4.0/avrxmega2\libgcc.a(_copy_data.o)
 .text.libgcc.builtins
                0x00000000        0x0 c:/program files (x86)/atmel/studio/7.0/toolchain/avr8/avr8-gnu-toolchain/bin/../lib/gcc/avr/5.4.0/avrxmega2\libgcc.a(_copy_data.o)
 .text.libgcc.fmul
                0x00000000        0x0 c:/program files (x86)/atmel/studio/7.0/toolchain/avr8/avr8-gnu-toolchain/bin/../lib/gcc/avr/5.4.0/avrxmega2\libgcc.a(_copy_data.o)
 .text.libgcc.fixed
                0x00000000        0x0 c:/program files (x86)/atmel/studio/7.0/toolchain/avr8/avr8-gnu-toolchain/bin/../lib/gcc/avr/5.4.0/avrxmega2\libgcc.a(_copy_data.o)
 .text          0x00000000        0x0 c:/program files (x86)/atmel/studio/7.0/toolchain/avr8/avr8-gnu-toolchain/bin/../lib/gcc/avr/5.4.0/avrxmega2\libgcc.a(_clear_bss.o)
 .data          0x00000000        0x0 c:/program files (x86)/atmel/studio/7.0/toolchain/avr8/avr8-gnu-toolchain/bin/../lib/gcc/avr/5.4.0/avrxmega2\libgcc.a(_clear_bss.o)
 .bss           0x00000000        0x0 c:/program files (x86)/atmel/studio/7.0/toolchain/avr8/avr8-gnu-toolchain/bin/../lib/gcc/avr/5.4.0/avrxmega2\libgcc.a(_clear_bss.o)
 .text.libgcc.mul
                0x00000000        0x0 c:/program files (x86)/atmel/studio/7.0/toolchain/avr8/avr8-gnu-toolchain/bin/../lib/gcc/avr/5.4.0/avrxmega2\libgcc.a(_clear_bss.o)
 .text.libgcc.div
                0x00000000        0x0 c:/program files (x86)/atmel/studio/7.0/toolchain/avr8/avr8-gnu-toolchain/bin/../lib/gcc/avr/5.4.0/avrxmega2\libgcc.a(_clear_bss.o)
 .text.libgcc   0x00000000        0x0 c:/program files (x86)/atmel/studio/7.0/toolchain/avr8/avr8-gnu-toolchain/bin/../lib/gcc/avr/5.4.0/avrxmega2\libgcc.a(_clear_bss.o)
 .text.libgcc.prologue
                0x00000000        0x0 c:/program files (x86)/atmel/studio/7.0/toolchain/avr8/avr8-gnu-toolchain/bin/../lib/gcc/avr/5.4.0/avrxmega2\libgcc.a(_clear_bss.o)
 .text.libgcc.builtins
                0x00000000        0x0 c:/program files (x86)/atmel/studio/7.0/toolchain/avr8/avr8-gnu-toolchain/bin/../lib/gcc/avr/5.4.0/avrxmega2\libgcc.a(_clear_bss.o)
 .text.libgcc.fmul
                0x00000000        0x0 c:/program files (x86)/atmel/studio/7.0/toolchain/avr8/avr8-gnu-toolchain/bin/../lib/gcc/avr/5.4.0/avrxmega2\libgcc.a(_clear_bss.o)
 .text.libgcc.fixed
                0x00000000        0x0 c:/program files (x86)/atmel/studio/7.0/toolchain/avr8/avr8-gnu-toolchain/bin/../lib/gcc/avr/5.4.0/avrxmega2\libgcc.a(_clear_bss.o)

Memory Configuration

Name             Origin             Length             Attributes
text             0x00000000         0x00010000         xr
data             0x00806000         0x00002000         rw !x
eeprom           0x00810000         0x00000200         rw !x
fuse             0x00820000         0x00000010         rw !x
lock             0x00830000         0x00000400         rw !x
signature        0x00840000         0x00000400         rw !x
user_signatures  0x00850000         0x00000400         rw !x
*default*        0x00000000         0xffffffff

Linker script and memory map

Address of section .data set to 0x806000
                0x00008000                __RODATA_PM_OFFSET__ = 0x8000
LOAD C:/Program Files (x86)/Atmel/Studio/7.0/Packs/Atmel/AVR-Dx_DFP/2.0.141/gcc/dev/avr64db48/avrxmega2/crtavr64db48.o
LOAD AVRFunctions.o
LOAD GPIOFunctions.o
LOAD LoRaFunctions.o
LOAD main.o
LOAD RFM95W.o
LOAD SPIFunctions.o
START GROUP
LOAD c:/program files (x86)/atmel/studio/7.0/toolchain/avr8/avr8-gnu-toolchain/bin/../lib/gcc/avr/5.4.0/../../../../avr/lib/avrxmega2\libm.a
END GROUP
START GROUP
LOAD c:/program files (x86)/atmel/studio/7.0/toolchain/avr8/avr8-gnu-toolchain/bin/../lib/gcc/avr/5.4.0/avrxmega2\libgcc.a
LOAD c:/program files (x86)/atmel/studio/7.0/toolchain/avr8/avr8-gnu-toolchain/bin/../lib/gcc/avr/5.4.0/../../../../avr/lib/avrxmega2\libm.a
LOAD c:/program files (x86)/atmel/studio/7.0/toolchain/avr8/avr8-gnu-toolchain/bin/../lib/gcc/avr/5.4.0/../../../../avr/lib/avrxmega2\libc.a
LOAD C:/Program Files (x86)/Atmel/Studio/7.0/Packs/Atmel/AVR-Dx_DFP/2.0.141/gcc/dev/avr64db48/avrxmega2\libavr64db48.a
END GROUP
                [0x00000000]                __TEXT_REGION_ORIGIN__ = DEFINED (__TEXT_REGION_ORIGIN__)?__TEXT_REGION_ORIGIN__:0x0
                [0x00806000]                __DATA_REGION_ORIGIN__ = DEFINED (__DATA_REGION_ORIGIN__)?__DATA_REGION_ORIGIN__:0x802000
                [0x00010000]                __TEXT_REGION_LENGTH__ = DEFINED (__TEXT_REGION_LENGTH__)?__TEXT_REGION_LENGTH__:0x100000
                [0x00002000]                __DATA_REGION_LENGTH__ = DEFINED (__DATA_REGION_LENGTH__)?__DATA_REGION_LENGTH__:0xffa0
                [0x00000200]                __EEPROM_REGION_LENGTH__ = DEFINED (__EEPROM_REGION_LENGTH__)?__EEPROM_REGION_LENGTH__:0x10000
                [0x00000010]                __FUSE_REGION_LENGTH__ = DEFINED (__FUSE_REGION_LENGTH__)?__FUSE_REGION_LENGTH__:0x400
                0x00000400                __LOCK_REGION_LENGTH__ = DEFINED (__LOCK_REGION_LENGTH__)?__LOCK_REGION_LENGTH__:0x400
                0x00000400                __SIGNATURE_REGION_LENGTH__ = DEFINED (__SIGNATURE_REGION_LENGTH__)?__SIGNATURE_REGION_LENGTH__:0x400
                0x00000400                __USER_SIGNATURE_REGION_LENGTH__ = DEFINED (__USER_SIGNATURE_REGION_LENGTH__)?__USER_SIGNATURE_REGION_LENGTH__:0x400

.hash
 *(.hash)

.dynsym
 *(.dynsym)

.dynstr
 *(.dynstr)

.gnu.version
 *(.gnu.version)

.gnu.version_d
 *(.gnu.version_d)

.gnu.version_r
 *(.gnu.version_r)

.rel.init
 *(.rel.init)

.rela.init
 *(.rela.init)

.rel.text
 *(.rel.text)
 *(.rel.text.*)
 *(.rel.gnu.linkonce.t*)

.rela.text
 *(.rela.text)
 *(.rela.text.*)
 *(.rela.gnu.linkonce.t*)

.rel.fini
 *(.rel.fini)

.rela.fini
 *(.rela.fini)

.rel.rodata
 *(.rel.rodata)
 *(.rel.rodata.*)
 *(.rel.gnu.linkonce.r*)

.rela.rodata
 *(.rela.rodata)
 *(.rela.rodata.*)
 *(.rela.gnu.linkonce.r*)

.rel.data
 *(.rel.data)
 *(.rel.data.*)
 *(.rel.gnu.linkonce.d*)

.rela.data
 *(.rela.data)
 *(.rela.data.*)
 *(.rela.gnu.linkonce.d*)

.rel.ctors
 *(.rel.ctors)

.rela.ctors
 *(.rela.ctors)

.rel.dtors
 *(.rel.dtors)

.rela.dtors
 *(.rela.dtors)

.rel.got
 *(.rel.got)

.rela.got
 *(.rela.got)

.rel.bss
 *(.rel.bss)

.rela.bss
 *(.rela.bss)

.rel.plt
 *(.rel.plt)

.rela.plt
 *(.rela.plt)

.text           0x00000000      0xcb2
 *(.vectors)
 .vectors       0x00000000       0xf4 C:/Program Files (x86)/Atmel/Studio/7.0/Packs/Atmel/AVR-Dx_DFP/2.0.141/gcc/dev/avr64db48/avrxmega2/crtavr64db48.o
                0x00000000                __vector_default
                0x00000000                __vectors
 *(.vectors)
 *(.progmem.gcc*)
                0x000000f4                . = ALIGN (0x2)
                0x000000f4                __trampolines_start = .
 *(.trampolines)
 .trampolines   0x000000f4        0x0 linker stubs
 *(.trampolines*)
                0x000000f4                __trampolines_end = .
 *libprintf_flt.a:*(.progmem.data)
 *libc.a:*(.progmem.data)
 *(.progmem*)
                0x000000f4                . = ALIGN (0x2)
 *(.jumptables)
 *(.jumptables*)
 *(.lowtext)
 *(.lowtext*)
                0x000000f4                __ctors_start = .
 *(.ctors)
                0x000000f4                __ctors_end = .
                0x000000f4                __dtors_start = .
 *(.dtors)
                0x000000f4                __dtors_end = .
 SORT(*)(.ctors)
 SORT(*)(.dtors)
 *(.init0)
 .init0         0x000000f4        0x0 C:/Program Files (x86)/Atmel/Studio/7.0/Packs/Atmel/AVR-Dx_DFP/2.0.141/gcc/dev/avr64db48/avrxmega2/crtavr64db48.o
                0x000000f4                __init
 *(.init0)
 *(.init1)
 *(.init1)
 *(.init2)
 .init2         0x000000f4        0xc C:/Program Files (x86)/Atmel/Studio/7.0/Packs/Atmel/AVR-Dx_DFP/2.0.141/gcc/dev/avr64db48/avrxmega2/crtavr64db48.o
 *(.init2)
 *(.init3)
 *(.init3)
 *(.init4)
 .init4         0x00000100       0x16 c:/program files (x86)/atmel/studio/7.0/toolchain/avr8/avr8-gnu-toolchain/bin/../lib/gcc/avr/5.4.0/avrxmega2\libgcc.a(_copy_data.o)
                0x00000100                __do_copy_data
 .init4         0x00000116       0x10 c:/program files (x86)/atmel/studio/7.0/toolchain/avr8/avr8-gnu-toolchain/bin/../lib/gcc/avr/5.4.0/avrxmega2\libgcc.a(_clear_bss.o)
                0x00000116                __do_clear_bss
 *(.init4)
 *(.init5)
 *(.init5)
 *(.init6)
 *(.init6)
 *(.init7)
 *(.init7)
 *(.init8)
 *(.init8)
 *(.init9)
 .init9         0x00000126        0x8 C:/Program Files (x86)/Atmel/Studio/7.0/Packs/Atmel/AVR-Dx_DFP/2.0.141/gcc/dev/avr64db48/avrxmega2/crtavr64db48.o
 *(.init9)
 *(.text)
 .text          0x0000012e        0x4 C:/Program Files (x86)/Atmel/Studio/7.0/Packs/Atmel/AVR-Dx_DFP/2.0.141/gcc/dev/avr64db48/avrxmega2/crtavr64db48.o
                0x0000012e                __vector_38
                0x0000012e                __vector_22
                0x0000012e                __vector_28
                0x0000012e                __vector_1
                0x0000012e                __vector_32
                0x0000012e                __vector_34
                0x0000012e                __vector_24
                0x0000012e                __vector_12
                0x0000012e                __vector_55
                0x0000012e                __vector_46
                0x0000012e                __bad_interrupt
                0x0000012e                __vector_6
                0x0000012e                __vector_31
                0x0000012e                __vector_35
                0x0000012e                __vector_39
                0x0000012e                __vector_3
                0x0000012e                __vector_23
                0x0000012e                __vector_30
                0x0000012e                __vector_45
                0x0000012e                __vector_25
                0x0000012e                __vector_11
                0x0000012e                __vector_54
                0x0000012e                __vector_13
                0x0000012e                __vector_17
                0x0000012e                __vector_19
                0x0000012e                __vector_56
                0x0000012e                __vector_7
                0x0000012e                __vector_49
                0x0000012e                __vector_41
                0x0000012e                __vector_43
                0x0000012e                __vector_27
                0x0000012e                __vector_5
                0x0000012e                __vector_33
                0x0000012e                __vector_47
                0x0000012e                __vector_52
                0x0000012e                __vector_37
                0x0000012e                __vector_4
                0x0000012e                __vector_44
                0x0000012e                __vector_51
                0x0000012e                __vector_9
                0x0000012e                __vector_2
                0x0000012e                __vector_21
                0x0000012e                __vector_15
                0x0000012e                __vector_36
                0x0000012e                __vector_58
                0x0000012e                __vector_29
                0x0000012e                __vector_60
                0x0000012e                __vector_40
                0x0000012e                __vector_8
                0x0000012e                __vector_26
                0x0000012e                __vector_48
                0x0000012e                __vector_14
                0x0000012e                __vector_57
                0x0000012e                __vector_53
                0x0000012e                __vector_10
                0x0000012e                __vector_50
                0x0000012e                __vector_16
                0x0000012e                __vector_59
                0x0000012e                __vector_18
                0x0000012e                __vector_20
                0x0000012e                __vector_42
                0x00000132                . = ALIGN (0x2)
 *(.text.*)
 .text.initializeAVR
                0x00000132      0x41a AVRFunctions.o
                0x00000132                initializeAVR
 .text.digitalWrite
                0x0000054c       0x14 GPIOFunctions.o
                0x0000054c                digitalWrite
 .text.initializeGPIO
                0x00000560       0x3a GPIOFunctions.o
                0x00000560                initializeGPIO
 .text.digitalRead
                0x0000059a        0xa GPIOFunctions.o
                0x0000059a                digitalRead
 .text.createHeader
                0x000005a4       0x16 LoRaFunctions.o
                0x000005a4                createHeader
 .text.main     0x000005ba      0x15e main.o
                0x000005ba                main
 .text.setPreambleLength
                0x00000718       0x18 RFM95W.o
                0x00000718                setPreambleLength
 .text.handleRFMInterrupts
                0x00000730       0x64 RFM95W.o
                0x00000730                handleRFMInterrupts
 .text.debugOutput
                0x00000794       0xf0 RFM95W.o
                0x00000794                debugOutput
 .text.setSleepMode
                0x00000884       0x24 RFM95W.o
                0x00000884                setSleepMode
 .text.setStdbyMode
                0x000008a8       0x26 RFM95W.o
                0x000008a8                setStdbyMode
 .text.initializeLoRa
                0x000008ce       0x5a RFM95W.o
                0x000008ce                initializeLoRa
 .text.stopReceiver
                0x00000928       0x16 RFM95W.o
                0x00000928                stopReceiver
 .text.setTXMode
                0x0000093e       0x1a RFM95W.o
                0x0000093e                setTXMode
 .text.transmit
                0x00000958       0xb4 RFM95W.o
                0x00000958                transmit
 .text.setRXContinuousMode
                0x00000a0c       0x38 RFM95W.o
                0x00000a0c                setRXContinuousMode
 .text.startReceiver
                0x00000a44       0x1a RFM95W.o
                0x00000a44                startReceiver
 .text.receive  0x00000a5e      0x13c RFM95W.o
                0x00000a5e                receive
 .text.initializeSPI
                0x00000b9a       0x2e SPIFunctions.o
                0x00000b9a                initializeSPI
 .text.spiRecv  0x00000bc8       0x30 SPIFunctions.o
                0x00000bc8                spiRecv
 .text.spiSend  0x00000bf8       0x1c SPIFunctions.o
                0x00000bf8                spiSend
 .text.rfmSpiRecv
                0x00000c14       0x48 SPIFunctions.o
                0x00000c14                rfmSpiRecv
 .text.rfmSpiSend
                0x00000c5c       0x52 SPIFunctions.o
                0x00000c5c                rfmSpiSend
                0x00000cae                . = ALIGN (0x2)
 *(.fini9)
 .fini9         0x00000cae        0x0 c:/program files (x86)/atmel/studio/7.0/toolchain/avr8/avr8-gnu-toolchain/bin/../lib/gcc/avr/5.4.0/avrxmega2\libgcc.a(_exit.o)
                0x00000cae                _exit
                0x00000cae                exit
 *(.fini9)
 *(.fini8)
 *(.fini8)
 *(.fini7)
 *(.fini7)
 *(.fini6)
 *(.fini6)
 *(.fini5)
 *(.fini5)
 *(.fini4)
 *(.fini4)
 *(.fini3)
 *(.fini3)
 *(.fini2)
 *(.fini2)
 *(.fini1)
 *(.fini1)
 *(.fini0)
 .fini0         0x00000cae        0x4 c:/program files (x86)/atmel/studio/7.0/toolchain/avr8/avr8-gnu-toolchain/bin/../lib/gcc/avr/5.4.0/avrxmega2\libgcc.a(_exit.o)
 *(.fini0)
                0x00000cb2                _etext = .

.data           0x00806000        0x8 load address 0x00000cb2
                0x00806000                PROVIDE (__data_start, .)
 *(.data)
 *(.data*)
 *(.gnu.linkonce.d*)
 *(.rodata)
 .rodata        0x00806000        0x8 main.o
 *(.rodata*)
 *(.gnu.linkonce.r*)
                0x00806008                . = ALIGN (0x2)
                0x00806008                _edata = .
                0x00806008                PROVIDE (__data_end, .)

.bss            0x00806008       0xbe
                0x00806008                PROVIDE (__bss_start, .)
 *(.bss)
 *(.bss*)
 *(COMMON)
 COMMON         0x00806008       0xbd AVRFunctions.o
                0x00806008                GPIO14
                0x0080600b                GPIO4
                0x0080600e                RESET
                0x00806011                GPIOs
                0x00806041                GPIO12
                0x00806044                GPIO1
                0x00806047                LED6
                0x0080604a                DIO0
                0x0080604d                DIO5
                0x00806050                GPIO3
                0x00806053                LED1
                0x00806056                LEDs
                0x0080606e                DIOs
                0x00806080                LED3
                0x00806083                GPIO11
                0x00806086                RFM_RST
                0x00806089                GPIO0
                0x0080608c                DIO1
                0x0080608f                DIO2
                0x00806092                LED7
                0x00806095                GPIO6
                0x00806098                GPIO13
                0x0080609b                LED2
                0x0080609e                GPIO9
                0x008060a1                RFM_SS
                0x008060a4                GPIO15
                0x008060a7                GPIO10
                0x008060aa                LED5
                0x008060ad                DIO4
                0x008060b0                GPIO2
                0x008060b3                GPIO7
                0x008060b6                LED4
                0x008060b9                GPIO8
                0x008060bc                LED0
                0x008060bf                GPIO5
                0x008060c2                DIO3
 COMMON         0x008060c5        0x1 RFM95W.o
                0x008060c5                currentMode
                0x008060c6                PROVIDE (__bss_end, .)
                0x00000cb2                __data_load_start = LOADADDR (.data)
                0x00000cba                __data_load_end = (__data_load_start + SIZEOF (.data))

.noinit         0x008060c6        0x0
                [!provide]                PROVIDE (__noinit_start, .)
 *(.noinit*)
                [!provide]                PROVIDE (__noinit_end, .)
                0x008060c6                _end = .
                [!provide]                PROVIDE (__heap_start, .)

.eeprom         0x00810000        0x0
 *(.eeprom*)
                0x00810000                __eeprom_end = .

.fuse
 *(.fuse)
 *(.lfuse)
 *(.hfuse)
 *(.efuse)

.lock
 *(.lock*)

.signature
 *(.signature*)

.user_signatures
 *(.user_signatures*)

.stab
 *(.stab)

.stabstr
 *(.stabstr)

.stab.excl
 *(.stab.excl)

.stab.exclstr
 *(.stab.exclstr)

.stab.index
 *(.stab.index)

.stab.indexstr
 *(.stab.indexstr)

.comment        0x00000000       0x30
 *(.comment)
 .comment       0x00000000       0x30 AVRFunctions.o
                                 0x31 (size before relaxing)
 .comment       0x00000030       0x31 GPIOFunctions.o
 .comment       0x00000030       0x31 LoRaFunctions.o
 .comment       0x00000030       0x31 main.o
 .comment       0x00000030       0x31 RFM95W.o
 .comment       0x00000030       0x31 SPIFunctions.o

.note.gnu.avr.deviceinfo
                0x00000000       0x3c
 .note.gnu.avr.deviceinfo
                0x00000000       0x3c C:/Program Files (x86)/Atmel/Studio/7.0/Packs/Atmel/AVR-Dx_DFP/2.0.141/gcc/dev/avr64db48/avrxmega2/crtavr64db48.o

.note.gnu.build-id
 *(.note.gnu.build-id)

.debug
 *(.debug)

.line
 *(.line)

.debug_srcinfo
 *(.debug_srcinfo)

.debug_sfnames
 *(.debug_sfnames)

.debug_aranges  0x00000000      0x168
 *(.debug_aranges)
 .debug_aranges
                0x00000000       0x20 AVRFunctions.o
 .debug_aranges
                0x00000020       0x30 GPIOFunctions.o
 .debug_aranges
                0x00000050       0x20 LoRaFunctions.o
 .debug_aranges
                0x00000070       0x20 main.o
 .debug_aranges
                0x00000090       0x98 RFM95W.o
 .debug_aranges
                0x00000128       0x40 SPIFunctions.o

.debug_pubnames
 *(.debug_pubnames)

.debug_info     0x00000000     0x4bef
 *(.debug_info .gnu.linkonce.wi.*)
 .debug_info    0x00000000     0x2f42 C:/Program Files (x86)/Atmel/Studio/7.0/Packs/Atmel/AVR-Dx_DFP/2.0.141/gcc/dev/avr64db48/avrxmega2/crtavr64db48.o
 .debug_info    0x00002f42      0x582 AVRFunctions.o
 .debug_info    0x000034c4      0x1a1 GPIOFunctions.o
 .debug_info    0x00003665      0x122 LoRaFunctions.o
 .debug_info    0x00003787      0x470 main.o
 .debug_info    0x00003bf7      0xc36 RFM95W.o
 .debug_info    0x0000482d      0x3c2 SPIFunctions.o

.debug_abbrev   0x00000000     0x3722
 *(.debug_abbrev)
 .debug_abbrev  0x00000000     0x2cc2 C:/Program Files (x86)/Atmel/Studio/7.0/Packs/Atmel/AVR-Dx_DFP/2.0.141/gcc/dev/avr64db48/avrxmega2/crtavr64db48.o
 .debug_abbrev  0x00002cc2      0x10c AVRFunctions.o
 .debug_abbrev  0x00002dce      0x13c GPIOFunctions.o
 .debug_abbrev  0x00002f0a       0xcf LoRaFunctions.o
 .debug_abbrev  0x00002fd9      0x1fb main.o
 .debug_abbrev  0x000031d4      0x2f7 RFM95W.o
 .debug_abbrev  0x000034cb      0x257 SPIFunctions.o

.debug_line     0x00000000     0x11de
 *(.debug_line .debug_line.* .debug_line_end)
 .debug_line    0x00000000      0x205 C:/Program Files (x86)/Atmel/Studio/7.0/Packs/Atmel/AVR-Dx_DFP/2.0.141/gcc/dev/avr64db48/avrxmega2/crtavr64db48.o
 .debug_line    0x00000205      0x2c4 AVRFunctions.o
 .debug_line    0x000004c9      0x143 GPIOFunctions.o
 .debug_line    0x0000060c      0x100 LoRaFunctions.o
 .debug_line    0x0000070c      0x218 main.o
 .debug_line    0x00000924      0x5d5 RFM95W.o
 .debug_line    0x00000ef9      0x2e5 SPIFunctions.o

.debug_frame    0x00000000      0x304
 *(.debug_frame)
 .debug_frame   0x00000000       0x24 AVRFunctions.o
 .debug_frame   0x00000024       0x44 GPIOFunctions.o
 .debug_frame   0x00000068       0x24 LoRaFunctions.o
 .debug_frame   0x0000008c       0x38 main.o
 .debug_frame   0x000000c4      0x1c4 RFM95W.o
 .debug_frame   0x00000288       0x7c SPIFunctions.o

.debug_str      0x00000000     0x1b2b
 *(.debug_str)
 .debug_str     0x00000000     0x14f0 C:/Program Files (x86)/Atmel/Studio/7.0/Packs/Atmel/AVR-Dx_DFP/2.0.141/gcc/dev/avr64db48/avrxmega2/crtavr64db48.o
 .debug_str     0x000014f0      0x326 AVRFunctions.o
                                0x364 (size before relaxing)
 .debug_str     0x00001816       0x4c GPIOFunctions.o
                                0x1e1 (size before relaxing)
 .debug_str     0x00001862       0x3c LoRaFunctions.o
                                0x1bf (size before relaxing)
 .debug_str     0x0000189e      0x133 main.o
                                0x308 (size before relaxing)
 .debug_str     0x000019d1      0x102 RFM95W.o
                                0x3eb (size before relaxing)
 .debug_str     0x00001ad3       0x58 SPIFunctions.o
                                0x28d (size before relaxing)

.debug_loc      0x00000000      0x8da
 *(.debug_loc)
 .debug_loc     0x00000000       0x23 GPIOFunctions.o
 .debug_loc     0x00000023       0x26 LoRaFunctions.o
 .debug_loc     0x00000049       0xf7 main.o
 .debug_loc     0x00000140      0x5fc RFM95W.o
 .debug_loc     0x0000073c      0x19e SPIFunctions.o

.debug_macinfo
 *(.debug_macinfo)

.debug_weaknames
 *(.debug_weaknames)

.debug_funcnames
 *(.debug_funcnames)

.debug_typenames
 *(.debug_typenames)

.debug_varnames
 *(.debug_varnames)

.debug_pubtypes
 *(.debug_pubtypes)

.debug_ranges   0x00000000      0x108
 *(.debug_ranges)
 .debug_ranges  0x00000000       0x10 AVRFunctions.o
 .debug_ranges  0x00000010       0x20 GPIOFunctions.o
 .debug_ranges  0x00000030       0x10 LoRaFunctions.o
 .debug_ranges  0x00000040       0x10 main.o
 .debug_ranges  0x00000050       0x88 RFM95W.o
 .debug_ranges  0x000000d8       0x30 SPIFunctions.o

.debug_macro
 *(.debug_macro)
OUTPUT(AVRLoRaDevBoard.elf elf32-avr)
LOAD linker stubs
